// Jest Snapshot v1, https://goo.gl/fbAQLP

exports[`React app Jest snapshot testing for Allen Young's Stockmarket Demo password reset page 1`] = `
[
  <div
    className="top-bar"
  >
    <a
      href="http://localhost"
      style={
        {
          "color": "rgb(255,255,255)",
          "textDecoration": "none",
        }
      }
    >
      Allen Young's Stockmarket Demo
    </a>
  </div>,
  <section
    className="password-reset-section"
  >
    <h1
      className="password-reset-section-heading"
    >
      Password reset
    </h1>
    <p
      className="email-address"
    >
      Use the form below to change your login password.
    </p>
    <p
      className="email-address"
    >
      Email address:  
      test@allenyoung.dev
    </p>
    <form
      className="reset-password-form"
    >
      <div
        className="reset-password-form-div-grid"
      >
        <label
          className="reset-password-form-label-password"
          htmlFor="password"
        >
          Password
        </label>
        <input
          className="reset-password-form-input-password"
          id="password"
          name="password"
          type="password"
        />
        <br />
        <p
          className="reset-password-form-password-show-hide"
        >
          <a
            href=""
            onClick={[Function]}
            style={
              {
                "color": "rgb(255,255,255)",
                "textDecoration": "none",
              }
            }
          >
            show
          </a>
        </p>
        <label
          className="reset-password-form-label-password-retype"
          htmlFor="passwordretype"
        >
          Password (Retype)
        </label>
        <input
          className="reset-password-form-input-password-retype"
          id="passwordretype"
          name="passwordretype"
          size="20"
          type="password"
        />
      </div>
      <div
        className="reset-password-form-div-reset-password-button"
      >
        <p
          className="reset-password-form-error-notice"
        />
        <input
          className="reset-password-form-input-reset-password-button"
          onClick={[Function]}
          type="button"
          value="Reset password"
        />
      </div>
    </form>
  </section>,
  <footer
    className="footer"
  >
    <p>
      Allen Young's Stockmarket Demo by Allen Young.
    </p>
    <p>
      For demonstrating Allen Young's full-stack web app development skills to potential employers.
    </p>
    <p>
      For more of Allen Young's software development skills demonstration, visit 
      <a
        href="https://AllenYoung.dev"
        style={
          {
            "color": "white",
          }
        }
        target="_blank"
      >
        AllenYoung.dev
      </a>
       and 
      <a
        href="https://GitHub.com/AllenYoungDev"
        style={
          {
            "color": "white",
          }
        }
        target="_blank"
      >
        GitHub.com/AllenYoungDev
      </a>
      .
    </p>
    <p>
      Â© 2023 Allen Young.  All rights reserved.
    </p>
  </footer>,
]
`;
